../src/PropertyEdit.h:13:2:PropertyEdit::PropertyEdit()	16	static
../src/PropertyEdit.h:14:10:PropertyEdit::~PropertyEdit()	16	static
../src/PropertyEdit.h:14:10:virtual PropertyEdit::~PropertyEdit()	16	static
/Applications/MCUXpressoIDE_11.6.0_8187/ide/plugins/com.nxp.mcuxpresso.tools.macosx_11.6.0.202112161359/tools/arm-none-eabi/include/c++/10.3.1/arm-none-eabi/thumb/v7-m/nofp/bits/gthr-default.h:229:1:int __gthread_key_delete(__gthread_key_t)	16	static
../src/DecimalEdit.cpp:12:1:DecimalEdit::DecimalEdit(LiquidCrystal*, LpcUart*, std::string, float, float, float)	24	static
../src/DecimalEdit.cpp:18:1:DecimalEdit::~DecimalEdit()	16	static
../src/DecimalEdit.cpp:18:1:virtual DecimalEdit::~DecimalEdit()	16	static
../src/DecimalEdit.cpp:21:6:virtual void DecimalEdit::increment()	16	static
../src/DecimalEdit.cpp:26:6:virtual void DecimalEdit::decrement()	16	static
../src/DecimalEdit.cpp:32:6:virtual void DecimalEdit::accept()	16	static
../src/DecimalEdit.cpp:36:6:virtual void DecimalEdit::cancel()	16	static
../src/DecimalEdit.cpp:41:6:virtual void DecimalEdit::setFocus(bool)	16	static
../src/DecimalEdit.cpp:45:6:virtual bool DecimalEdit::getFocus()	16	static
../src/DecimalEdit.cpp:49:6:virtual void DecimalEdit::display()	48	static
../src/DecimalEdit.cpp:63:6:virtual void DecimalEdit::print()	160	static
../src/DecimalEdit.cpp:70:6:void DecimalEdit::save()	16	static
../src/DecimalEdit.cpp:77:7:float DecimalEdit::getValue()	16	static
../src/DecimalEdit.cpp:80:6:void DecimalEdit::setValue(float)	16	static
