../src/PropertyEdit.h:13:2:PropertyEdit::PropertyEdit()	16	static
../src/PropertyEdit.h:14:10:PropertyEdit::~PropertyEdit()	16	static
../src/PropertyEdit.h:14:10:virtual PropertyEdit::~PropertyEdit()	16	static
/Applications/MCUXpressoIDE_11.6.0_8187/ide/plugins/com.nxp.mcuxpresso.tools.macosx_11.6.0.202112161359/tools/arm-none-eabi/include/c++/10.3.1/arm-none-eabi/thumb/v7-m/nofp/bits/gthr-default.h:229:1:int __gthread_key_delete(__gthread_key_t)	16	static
../src/IntegerEdit.cpp:12:1:IntegerEdit::IntegerEdit(LiquidCrystal*, LpcUart*, std::string, int, int)	24	static
../src/IntegerEdit.cpp:18:1:IntegerEdit::~IntegerEdit()	16	static
../src/IntegerEdit.cpp:18:1:virtual IntegerEdit::~IntegerEdit()	16	static
../src/IntegerEdit.cpp:21:6:virtual void IntegerEdit::increment()	16	static
../src/IntegerEdit.cpp:26:6:virtual void IntegerEdit::decrement()	16	static
../src/IntegerEdit.cpp:31:6:virtual void IntegerEdit::accept()	16	static
../src/IntegerEdit.cpp:35:6:virtual void IntegerEdit::cancel()	16	static
../src/IntegerEdit.cpp:40:6:virtual void IntegerEdit::setFocus(bool)	16	static
../src/IntegerEdit.cpp:44:6:virtual bool IntegerEdit::getFocus()	16	static
../src/IntegerEdit.cpp:48:6:virtual void IntegerEdit::display()	40	static
../src/IntegerEdit.cpp:62:6:virtual void IntegerEdit::print()	152	static
../src/IntegerEdit.cpp:69:6:void IntegerEdit::save()	16	static
../src/IntegerEdit.cpp:76:5:int IntegerEdit::getValue()	16	static
../src/IntegerEdit.cpp:79:6:void IntegerEdit::setValue(int)	16	static
