../src/DigitalIoPin.h:16:9:DigitalIoPin::~DigitalIoPin()	16	static
../src/DigitalIoPin.h:16:9:virtual DigitalIoPin::~DigitalIoPin()	16	static
/Users/kendrick807/Documents/MCUXpressoIDE_11.6.0_8187/workspace/lpc_chip_15xx/inc/iocon_15xx.h:95:20:void Chip_IOCON_PinMuxSet(LPC_IOCON_T*, uint8_t, uint8_t, uint32_t)	24	static
/Users/kendrick807/Documents/MCUXpressoIDE_11.6.0_8187/workspace/lpc_chip_15xx/inc/gpio_15xx.h:95:20:void Chip_GPIO_SetPinState(LPC_GPIO_T*, uint8_t, uint8_t, bool)	16	static
/Users/kendrick807/Documents/MCUXpressoIDE_11.6.0_8187/workspace/lpc_chip_15xx/inc/gpio_15xx.h:121:20:bool Chip_GPIO_GetPinState(LPC_GPIO_T*, uint8_t, uint8_t)	16	static
/Users/kendrick807/Documents/MCUXpressoIDE_11.6.0_8187/workspace/lpc_chip_15xx/inc/gpio_15xx.h:146:20:void Chip_GPIO_SetPinDIROutput(LPC_GPIO_T*, uint8_t, uint8_t)	16	static
/Users/kendrick807/Documents/MCUXpressoIDE_11.6.0_8187/workspace/lpc_chip_15xx/inc/gpio_15xx.h:158:20:void Chip_GPIO_SetPinDIRInput(LPC_GPIO_T*, uint8_t, uint8_t)	16	static
../src/DigitalIoPin.cpp:7:1:DigitalIoPin::DigitalIoPin(int, int, bool, bool, bool)	24	static
../src/DigitalIoPin.cpp:23:6:bool DigitalIoPin::read()	16	static
../src/DigitalIoPin.cpp:32:6:void DigitalIoPin::write(bool)	16	static
